[INFO] Scanning for projects...
[INFO] 
[INFO] ----------------------< com.example:uniactivity >-----------------------
[INFO] Building uniactivity 0.0.1-SNAPSHOT
[INFO]   from pom.xml
[INFO] --------------------------------[ jar ]---------------------------------
[INFO] 
[INFO] --- resources:3.3.1:resources (default-resources) @ uniactivity ---
[INFO] Copying 1 resource from src\main\resources to target\classes
[INFO] Copying 6 resources from src\main\resources to target\classes
[INFO] 
[INFO] --- compiler:3.14.1:compile (default-compile) @ uniactivity ---
[INFO] Nothing to compile - all classes are up to date.
[INFO] 
[INFO] --- resources:3.3.1:testResources (default-testResources) @ uniactivity ---
[INFO] Copying 1 resource from src\test\resources to target\test-classes
[INFO] Copying 17 resources from src\test\java to target\test-classes
[INFO] 
[INFO] --- compiler:3.14.1:testCompile (default-testCompile) @ uniactivity ---
[INFO] Nothing to compile - all classes are up to date.
[INFO] 
[INFO] --- surefire:3.5.4:test (default-test) @ uniactivity ---
[INFO] Using auto detected provider org.apache.maven.surefire.junitplatform.JUnitPlatformProvider
[INFO] 
[INFO] -------------------------------------------------------
[INFO]  T E S T S
[INFO] -------------------------------------------------------
[INFO] Running com.example.uniactivity.karate.ApiTest
10:57:19.261 [main] INFO com.intuit.karate -- >> lock acquired, begin callSingle: classpath:com/example/uniactivity/karate/helpers/setup.feature
10:57:20.622 [main] INFO com.intuit.karate -- << lock released, cached callSingle: classpath:com/example/uniactivity/karate/helpers/setup.feature
---------------------------------------------------------
feature: classpath:com/example/uniactivity/karate/auth.feature
scenarios:  9 | passed:  9 | failed:  0 | time: 0.3328
---------------------------------------------------------

---------------------------------------------------------
feature: classpath:com/example/uniactivity/karate/profile.feature
scenarios:  3 | passed:  3 | failed:  0 | time: 0.6244
---------------------------------------------------------

---------------------------------------------------------
feature: classpath:com/example/uniactivity/karate/admin-catalog.feature
scenarios: 14 | passed: 14 | failed:  0 | time: 0.3738
---------------------------------------------------------

---------------------------------------------------------
feature: classpath:com/example/uniactivity/karate/admin-users.feature
scenarios:  8 | passed:  8 | failed:  0 | time: 1.1928
---------------------------------------------------------

---------------------------------------------------------
feature: classpath:com/example/uniactivity/karate/activities.feature
scenarios:  7 | passed:  7 | failed:  0 | time: 0.2580
---------------------------------------------------------

---------------------------------------------------------
feature: classpath:com/example/uniactivity/karate/manager.feature
scenarios:  3 | passed:  3 | failed:  0 | time: 1.4083
---------------------------------------------------------

---------------------------------------------------------
feature: classpath:com/example/uniactivity/karate/student.feature
scenarios:  9 | passed:  9 | failed:  0 | time: 2.0742
---------------------------------------------------------

---------------------------------------------------------
feature: classpath:com/example/uniactivity/karate/evidence.feature
scenarios:  2 | passed:  2 | failed:  0 | time: 1.2119
---------------------------------------------------------

Karate version: 1.4.1
======================================================
elapsed:  12.73 | threads:    1 | thread time: 7.48 
features:     8 | skipped:    0 | efficiency: 0.59
scenarios:   55 | passed:    55 | failed: 0
======================================================

HTML report: (paste into browser to view) | Karate version: 1.4.1
file:///D:/PROJECT/UniActivity/UniActivity_BE/target/karate-reports/karate-summary.html
===================================================================

[INFO] Tests run: 55, Failures: 0, Errors: 0, Skipped: 0, Time elapsed: 13.91 s -- in com.example.uniactivity.karate.ApiTest
[INFO] 
[INFO] Results:
[INFO] 
[INFO] Tests run: 55, Failures: 0, Errors: 0, Skipped: 0
[INFO] 
[INFO] ------------------------------------------------------------------------
[INFO] BUILD SUCCESS
[INFO] ------------------------------------------------------------------------
[INFO] Total time:  17.635 s
[INFO] Finished at: 2026-09-29T10:57:31+07:00
[INFO] ------------------------------------------------------------------------
